Archive member included to satisfy reference by file (symbol)

../../Lib//libstatique.a(lcm_so1602dtr_m_fw.o)
                              main.o (_ZN3LCMC1EPVhS1_)
../../Lib//libstatique.a(customprocs.o)
                              ../../Lib//libstatique.a(lcm_so1602dtr_m_fw.o) (_Z9cp_strlenPKc)
../../Lib//libstatique.a(lcm_so1602dtr_m.o)
                              ../../Lib//libstatique.a(lcm_so1602dtr_m_fw.o) (_Z15lcmd_disp_clearPVh)
../../Lib//libstatique.a(uart.o)
                              main.o (_ZN4uart18initialisationUARTEv)
/usr/lib/gcc/avr/5.4.0/avr5/libgcc.a(_udivmodhi4.o)
                              ../../Lib//libstatique.a(customprocs.o) (__udivmodhi4)
/usr/lib/gcc/avr/5.4.0/avr5/libgcc.a(_exit.o)
                              /usr/lib/gcc/avr/5.4.0/../../../avr/lib/avr5/crtatmega324pa.o (exit)
/usr/lib/gcc/avr/5.4.0/avr5/libgcc.a(_copy_data.o)
                              ../../Lib//libstatique.a(lcm_so1602dtr_m_fw.o) (__do_copy_data)
/usr/lib/gcc/avr/5.4.0/avr5/libgcc.a(_clear_bss.o)
                              main.o (__do_clear_bss)
/usr/lib/gcc/avr/5.4.0/../../../avr/lib/avr5/libc.a(malloc.o)
                              ../../Lib//libstatique.a(lcm_so1602dtr_m_fw.o) (malloc)
/usr/lib/gcc/avr/5.4.0/../../../avr/lib/avr5/libc.a(sprintf.o)
                              ../../Lib//libstatique.a(lcm_so1602dtr_m_fw.o) (sprintf)
/usr/lib/gcc/avr/5.4.0/../../../avr/lib/avr5/libc.a(vfprintf_std.o)
                              /usr/lib/gcc/avr/5.4.0/../../../avr/lib/avr5/libc.a(sprintf.o) (vfprintf)
/usr/lib/gcc/avr/5.4.0/../../../avr/lib/avr5/libc.a(strnlen_P.o)
                              /usr/lib/gcc/avr/5.4.0/../../../avr/lib/avr5/libc.a(vfprintf_std.o) (strnlen_P)
/usr/lib/gcc/avr/5.4.0/../../../avr/lib/avr5/libc.a(strnlen.o)
                              /usr/lib/gcc/avr/5.4.0/../../../avr/lib/avr5/libc.a(vfprintf_std.o) (strnlen)
/usr/lib/gcc/avr/5.4.0/../../../avr/lib/avr5/libc.a(fputc.o)
                              /usr/lib/gcc/avr/5.4.0/../../../avr/lib/avr5/libc.a(vfprintf_std.o) (fputc)
/usr/lib/gcc/avr/5.4.0/../../../avr/lib/avr5/libc.a(ultoa_invert.o)
                              /usr/lib/gcc/avr/5.4.0/../../../avr/lib/avr5/libc.a(vfprintf_std.o) (__ultoa_invert)
/usr/lib/gcc/avr/5.4.0/avr5/libgcc.a(_prologue.o)
                              /usr/lib/gcc/avr/5.4.0/../../../avr/lib/avr5/libc.a(sprintf.o) (__prologue_saves__)
/usr/lib/gcc/avr/5.4.0/avr5/libgcc.a(_epilogue.o)
                              /usr/lib/gcc/avr/5.4.0/../../../avr/lib/avr5/libc.a(sprintf.o) (__epilogue_restores__)

Allocating common symbols
Common symbol       size              file

__brkval            0x2               /usr/lib/gcc/avr/5.4.0/../../../avr/lib/avr5/libc.a(malloc.o)
__flp               0x2               /usr/lib/gcc/avr/5.4.0/../../../avr/lib/avr5/libc.a(malloc.o)

Memory Configuration

Name             Origin             Length             Attributes
text             0x0000000000000000 0x0000000000020000 xr
data             0x0000000000800060 0x000000000000ffa0 rw !x
eeprom           0x0000000000810000 0x0000000000010000 rw !x
fuse             0x0000000000820000 0x0000000000000003 rw !x
lock             0x0000000000830000 0x0000000000000400 rw !x
signature        0x0000000000840000 0x0000000000000400 rw !x
user_signatures  0x0000000000850000 0x0000000000000400 rw !x
*default*        0x0000000000000000 0xffffffffffffffff

Linker script and memory map

Address of section .data set to 0x800100
LOAD /usr/lib/gcc/avr/5.4.0/../../../avr/lib/avr5/crtatmega324pa.o
LOAD main.o
LOAD /usr/lib/gcc/avr/5.4.0/../../../avr/lib/avr5/libm.a
LOAD ../../Lib//libstatique.a
START GROUP
LOAD /usr/lib/gcc/avr/5.4.0/avr5/libgcc.a
LOAD /usr/lib/gcc/avr/5.4.0/../../../avr/lib/avr5/libm.a
LOAD /usr/lib/gcc/avr/5.4.0/../../../avr/lib/avr5/libc.a
LOAD /usr/lib/gcc/avr/5.4.0/../../../avr/lib/avr5/libatmega324pa.a
END GROUP
                0x0000000000020000                __TEXT_REGION_LENGTH__ = DEFINED (__TEXT_REGION_LENGTH__)?__TEXT_REGION_LENGTH__:0x20000
                0x000000000000ffa0                __DATA_REGION_LENGTH__ = DEFINED (__DATA_REGION_LENGTH__)?__DATA_REGION_LENGTH__:0xffa0
                0x0000000000010000                __EEPROM_REGION_LENGTH__ = DEFINED (__EEPROM_REGION_LENGTH__)?__EEPROM_REGION_LENGTH__:0x10000
                [0x0000000000000003]                __FUSE_REGION_LENGTH__ = DEFINED (__FUSE_REGION_LENGTH__)?__FUSE_REGION_LENGTH__:0x400
                0x0000000000000400                __LOCK_REGION_LENGTH__ = DEFINED (__LOCK_REGION_LENGTH__)?__LOCK_REGION_LENGTH__:0x400
                0x0000000000000400                __SIGNATURE_REGION_LENGTH__ = DEFINED (__SIGNATURE_REGION_LENGTH__)?__SIGNATURE_REGION_LENGTH__:0x400
                0x0000000000000400                __USER_SIGNATURE_REGION_LENGTH__ = DEFINED (__USER_SIGNATURE_REGION_LENGTH__)?__USER_SIGNATURE_REGION_LENGTH__:0x400

.hash
 *(.hash)

.dynsym
 *(.dynsym)

.dynstr
 *(.dynstr)

.gnu.version
 *(.gnu.version)

.gnu.version_d
 *(.gnu.version_d)

.gnu.version_r
 *(.gnu.version_r)

.rel.init
 *(.rel.init)

.rela.init
 *(.rela.init)

.rel.text
 *(.rel.text)
 *(.rel.text.*)
 *(.rel.gnu.linkonce.t*)

.rela.text
 *(.rela.text)
 *(.rela.text.*)
 *(.rela.gnu.linkonce.t*)

.rel.fini
 *(.rel.fini)

.rela.fini
 *(.rela.fini)

.rel.rodata
 *(.rel.rodata)
 *(.rel.rodata.*)
 *(.rel.gnu.linkonce.r*)

.rela.rodata
 *(.rela.rodata)
 *(.rela.rodata.*)
 *(.rela.gnu.linkonce.r*)

.rel.data
 *(.rel.data)
 *(.rel.data.*)
 *(.rel.gnu.linkonce.d*)

.rela.data
 *(.rela.data)
 *(.rela.data.*)
 *(.rela.gnu.linkonce.d*)

.rel.ctors
 *(.rel.ctors)

.rela.ctors
 *(.rela.ctors)

.rel.dtors
 *(.rel.dtors)

.rela.dtors
 *(.rela.dtors)

.rel.got
 *(.rel.got)

.rela.got
 *(.rela.got)

.rel.bss
 *(.rel.bss)

.rela.bss
 *(.rela.bss)

.rel.plt
 *(.rel.plt)

.rela.plt
 *(.rela.plt)

.text           0x0000000000000000     0x10b0
 *(.vectors)
 .vectors       0x0000000000000000       0x7c /usr/lib/gcc/avr/5.4.0/../../../avr/lib/avr5/crtatmega324pa.o
                0x0000000000000000                __vectors
                0x0000000000000000                __vector_default
 *(.vectors)
 *(.progmem.gcc*)
                0x000000000000007c                . = ALIGN (0x2)
                0x000000000000007c                __trampolines_start = .
 *(.trampolines)
 .trampolines   0x000000000000007c        0x0 linker stubs
 *(.trampolines*)
                0x000000000000007c                __trampolines_end = .
 *libprintf_flt.a:*(.progmem.data)
 *libc.a:*(.progmem.data)
 *(.progmem*)
                0x000000000000007c                . = ALIGN (0x2)
 *(.jumptables)
 *(.jumptables*)
 *(.lowtext)
 *(.lowtext*)
                0x000000000000007c                __ctors_start = .
 *(.ctors)
                0x000000000000007c                __ctors_end = .
                0x000000000000007c                __dtors_start = .
 *(.dtors)
                0x000000000000007c                __dtors_end = .
 SORT(*)(.ctors)
 SORT(*)(.dtors)
 *(.init0)
 .init0         0x000000000000007c        0x0 /usr/lib/gcc/avr/5.4.0/../../../avr/lib/avr5/crtatmega324pa.o
                0x000000000000007c                __init
 *(.init0)
 *(.init1)
 *(.init1)
 *(.init2)
 .init2         0x000000000000007c        0xc /usr/lib/gcc/avr/5.4.0/../../../avr/lib/avr5/crtatmega324pa.o
 *(.init2)
 *(.init3)
 *(.init3)
 *(.init4)
 .init4         0x0000000000000088       0x16 /usr/lib/gcc/avr/5.4.0/avr5/libgcc.a(_copy_data.o)
                0x0000000000000088                __do_copy_data
 .init4         0x000000000000009e       0x10 /usr/lib/gcc/avr/5.4.0/avr5/libgcc.a(_clear_bss.o)
                0x000000000000009e                __do_clear_bss
 *(.init4)
 *(.init5)
 *(.init5)
 *(.init6)
 *(.init6)
 *(.init7)
 *(.init7)
 *(.init8)
 *(.init8)
 *(.init9)
 .init9         0x00000000000000ae        0x8 /usr/lib/gcc/avr/5.4.0/../../../avr/lib/avr5/crtatmega324pa.o
 *(.init9)
 *(.text)
 .text          0x00000000000000b6        0x4 /usr/lib/gcc/avr/5.4.0/../../../avr/lib/avr5/crtatmega324pa.o
                0x00000000000000b6                __vector_22
                0x00000000000000b6                __vector_28
                0x00000000000000b6                __vector_1
                0x00000000000000b6                __vector_24
                0x00000000000000b6                __vector_12
                0x00000000000000b6                __bad_interrupt
                0x00000000000000b6                __vector_6
                0x00000000000000b6                __vector_3
                0x00000000000000b6                __vector_23
                0x00000000000000b6                __vector_30
                0x00000000000000b6                __vector_25
                0x00000000000000b6                __vector_11
                0x00000000000000b6                __vector_13
                0x00000000000000b6                __vector_17
                0x00000000000000b6                __vector_19
                0x00000000000000b6                __vector_7
                0x00000000000000b6                __vector_27
                0x00000000000000b6                __vector_5
                0x00000000000000b6                __vector_4
                0x00000000000000b6                __vector_9
                0x00000000000000b6                __vector_2
                0x00000000000000b6                __vector_21
                0x00000000000000b6                __vector_15
                0x00000000000000b6                __vector_29
                0x00000000000000b6                __vector_8
                0x00000000000000b6                __vector_26
                0x00000000000000b6                __vector_14
                0x00000000000000b6                __vector_10
                0x00000000000000b6                __vector_16
                0x00000000000000b6                __vector_18
                0x00000000000000b6                __vector_20
 .text          0x00000000000000ba       0xc4 main.o
                0x00000000000000ba                _Z11lireCapteurv
                0x00000000000000e4                _Z4initv
                0x00000000000000f0                _Z3redv
                0x00000000000000fa                _Z5greenv
                0x0000000000000104                _Z3offv
                0x000000000000010c                _Z5amberm
                0x000000000000016e                _Z5blinkv
 .text          0x000000000000017e      0x3be ../../Lib//libstatique.a(lcm_so1602dtr_m_fw.o)
                0x000000000000017e                _ZN3LCMC1EPVhS1_
                0x000000000000017e                _ZN3LCMC2EPVhS1_
                0x00000000000001ba                _ZN3LCMD1Ev
                0x00000000000001ba                _ZN3LCMD2Ev
                0x00000000000001c4                _ZN3LCM8en_blinkEb
                0x00000000000001e6                _ZN3LCM6en_curEb
                0x0000000000000206                _ZN3LCM12set_bc_indexEh
                0x0000000000000220                _ZN3LCM5clearEv
                0x000000000000023c                _ZN3LCM5writeEPKchb
                0x000000000000036a                _ZN3LCM8build_ccEhPKh
                0x00000000000003be                _ZN3LCMlsEPKc
                0x00000000000003da                _ZN3LCM3putEc
                0x000000000000040a                _ZN3LCMlsEj
                0x0000000000000446                _ZN3LCMlsEi
                0x0000000000000482                _ZN3LCMlsEc
                0x00000000000004be                _ZN3LCMaSEPKc
                0x00000000000004f4                _ZN3LCMixEh
                0x0000000000000502                _ZN3LCMmIEh
 .text          0x000000000000053c       0x90 ../../Lib//libstatique.a(customprocs.o)
                0x000000000000053c                _Z9cp_strlenPKc
                0x0000000000000550                _Z7cp_itoaPcjh
                0x00000000000005ae                _Z10cp_wait_msj
 .text          0x00000000000005cc      0x1e8 ../../Lib//libstatique.a(lcm_so1602dtr_m.o)
                0x000000000000065a                _Z15lcmd_disp_clearPVh
                0x0000000000000666                _Z14lcmd_disp_homePVh
                0x0000000000000672                _Z13lcmd_entry_smhhPVh
                0x0000000000000682                _Z16lcmd_disp_on_offhhhPVh
                0x000000000000069c                _Z19lcmd_disp_cur_shifthhPVh
                0x00000000000006ba                _Z13lcmd_func_sethhPVh
                0x00000000000006d8                _Z17lcmd_cgr_set_addrhPVh
                0x00000000000006e8                _Z17lcmd_ddr_set_addrhPVh
                0x00000000000006f6                _Z10lcmd_writehPVh
                0x0000000000000702                _Z14lcmd_init_4bitPVhS0_
 .text          0x00000000000007b4       0x62 ../../Lib//libstatique.a(uart.o)
                0x00000000000007b4                _ZN4uart18initialisationUARTEv
                0x00000000000007d6                _ZN4uart16transmissionUARTEh
                0x00000000000007e4                _ZN4uart22transmissionStringUARTEPc
 .text          0x0000000000000816        0x0 /usr/lib/gcc/avr/5.4.0/avr5/libgcc.a(_udivmodhi4.o)
 .text          0x0000000000000816        0x0 /usr/lib/gcc/avr/5.4.0/avr5/libgcc.a(_exit.o)
 .text          0x0000000000000816        0x0 /usr/lib/gcc/avr/5.4.0/avr5/libgcc.a(_copy_data.o)
 .text          0x0000000000000816        0x0 /usr/lib/gcc/avr/5.4.0/avr5/libgcc.a(_clear_bss.o)
 .text          0x0000000000000816        0x0 /usr/lib/gcc/avr/5.4.0/../../../avr/lib/avr5/libc.a(malloc.o)
 .text          0x0000000000000816        0x0 /usr/lib/gcc/avr/5.4.0/../../../avr/lib/avr5/libc.a(sprintf.o)
 .text          0x0000000000000816        0x0 /usr/lib/gcc/avr/5.4.0/../../../avr/lib/avr5/libc.a(vfprintf_std.o)
 .text          0x0000000000000816        0x0 /usr/lib/gcc/avr/5.4.0/../../../avr/lib/avr5/libc.a(strnlen_P.o)
 .text          0x0000000000000816        0x0 /usr/lib/gcc/avr/5.4.0/../../../avr/lib/avr5/libc.a(strnlen.o)
 .text          0x0000000000000816        0x0 /usr/lib/gcc/avr/5.4.0/../../../avr/lib/avr5/libc.a(fputc.o)
 .text          0x0000000000000816        0x0 /usr/lib/gcc/avr/5.4.0/../../../avr/lib/avr5/libc.a(ultoa_invert.o)
 .text          0x0000000000000816        0x0 /usr/lib/gcc/avr/5.4.0/avr5/libgcc.a(_prologue.o)
 .text          0x0000000000000816        0x0 /usr/lib/gcc/avr/5.4.0/avr5/libgcc.a(_epilogue.o)
                0x0000000000000816                . = ALIGN (0x2)
 *(.text.*)
 .text.startup  0x0000000000000816       0x58 main.o
                0x0000000000000816                main
 .text.libgcc.mul
                0x000000000000086e        0x0 /usr/lib/gcc/avr/5.4.0/avr5/libgcc.a(_udivmodhi4.o)
 .text.libgcc.div
                0x000000000000086e       0x28 /usr/lib/gcc/avr/5.4.0/avr5/libgcc.a(_udivmodhi4.o)
                0x000000000000086e                __udivmodhi4
 .text.libgcc   0x0000000000000896        0x0 /usr/lib/gcc/avr/5.4.0/avr5/libgcc.a(_udivmodhi4.o)
 .text.libgcc.prologue
                0x0000000000000896        0x0 /usr/lib/gcc/avr/5.4.0/avr5/libgcc.a(_udivmodhi4.o)
 .text.libgcc.builtins
                0x0000000000000896        0x0 /usr/lib/gcc/avr/5.4.0/avr5/libgcc.a(_udivmodhi4.o)
 .text.libgcc.fmul
                0x0000000000000896        0x0 /usr/lib/gcc/avr/5.4.0/avr5/libgcc.a(_udivmodhi4.o)
 .text.libgcc.fixed
                0x0000000000000896        0x0 /usr/lib/gcc/avr/5.4.0/avr5/libgcc.a(_udivmodhi4.o)
 .text.libgcc.mul
                0x0000000000000896        0x0 /usr/lib/gcc/avr/5.4.0/avr5/libgcc.a(_exit.o)
 .text.libgcc.div
                0x0000000000000896        0x0 /usr/lib/gcc/avr/5.4.0/avr5/libgcc.a(_exit.o)
 .text.libgcc   0x0000000000000896        0x0 /usr/lib/gcc/avr/5.4.0/avr5/libgcc.a(_exit.o)
 .text.libgcc.prologue
                0x0000000000000896        0x0 /usr/lib/gcc/avr/5.4.0/avr5/libgcc.a(_exit.o)
 .text.libgcc.builtins
                0x0000000000000896        0x0 /usr/lib/gcc/avr/5.4.0/avr5/libgcc.a(_exit.o)
 .text.libgcc.fmul
                0x0000000000000896        0x0 /usr/lib/gcc/avr/5.4.0/avr5/libgcc.a(_exit.o)
 .text.libgcc.fixed
                0x0000000000000896        0x0 /usr/lib/gcc/avr/5.4.0/avr5/libgcc.a(_exit.o)
 .text.libgcc.mul
                0x0000000000000896        0x0 /usr/lib/gcc/avr/5.4.0/avr5/libgcc.a(_copy_data.o)
 .text.libgcc.div
                0x0000000000000896        0x0 /usr/lib/gcc/avr/5.4.0/avr5/libgcc.a(_copy_data.o)
 .text.libgcc   0x0000000000000896        0x0 /usr/lib/gcc/avr/5.4.0/avr5/libgcc.a(_copy_data.o)
 .text.libgcc.prologue
                0x0000000000000896        0x0 /usr/lib/gcc/avr/5.4.0/avr5/libgcc.a(_copy_data.o)
 .text.libgcc.builtins
                0x0000000000000896        0x0 /usr/lib/gcc/avr/5.4.0/avr5/libgcc.a(_copy_data.o)
 .text.libgcc.fmul
                0x0000000000000896        0x0 /usr/lib/gcc/avr/5.4.0/avr5/libgcc.a(_copy_data.o)
 .text.libgcc.fixed
                0x0000000000000896        0x0 /usr/lib/gcc/avr/5.4.0/avr5/libgcc.a(_copy_data.o)
 .text.libgcc.mul
                0x0000000000000896        0x0 /usr/lib/gcc/avr/5.4.0/avr5/libgcc.a(_clear_bss.o)
 .text.libgcc.div
                0x0000000000000896        0x0 /usr/lib/gcc/avr/5.4.0/avr5/libgcc.a(_clear_bss.o)
 .text.libgcc   0x0000000000000896        0x0 /usr/lib/gcc/avr/5.4.0/avr5/libgcc.a(_clear_bss.o)
 .text.libgcc.prologue
                0x0000000000000896        0x0 /usr/lib/gcc/avr/5.4.0/avr5/libgcc.a(_clear_bss.o)
 .text.libgcc.builtins
                0x0000000000000896        0x0 /usr/lib/gcc/avr/5.4.0/avr5/libgcc.a(_clear_bss.o)
 .text.libgcc.fmul
                0x0000000000000896        0x0 /usr/lib/gcc/avr/5.4.0/avr5/libgcc.a(_clear_bss.o)
 .text.libgcc.fixed
                0x0000000000000896        0x0 /usr/lib/gcc/avr/5.4.0/avr5/libgcc.a(_clear_bss.o)
 .text.avr-libc
                0x0000000000000896      0x242 /usr/lib/gcc/avr/5.4.0/../../../avr/lib/avr5/libc.a(malloc.o)
                0x0000000000000896                malloc
                0x00000000000009c6                free
 .text.avr-libc
                0x0000000000000ad8       0x44 /usr/lib/gcc/avr/5.4.0/../../../avr/lib/avr5/libc.a(sprintf.o)
                0x0000000000000ad8                sprintf
 .text.avr-libc
                0x0000000000000b1c      0x3c2 /usr/lib/gcc/avr/5.4.0/../../../avr/lib/avr5/libc.a(vfprintf_std.o)
                0x0000000000000b1c                vfprintf
 .text.avr-libc
                0x0000000000000ede       0x16 /usr/lib/gcc/avr/5.4.0/../../../avr/lib/avr5/libc.a(strnlen_P.o)
                0x0000000000000ede                strnlen_P
 .text.avr-libc
                0x0000000000000ef4       0x16 /usr/lib/gcc/avr/5.4.0/../../../avr/lib/avr5/libc.a(strnlen.o)
                0x0000000000000ef4                strnlen
 .text.avr-libc
                0x0000000000000f0a       0x78 /usr/lib/gcc/avr/5.4.0/../../../avr/lib/avr5/libc.a(fputc.o)
                0x0000000000000f0a                fputc
 .text.avr-libc
                0x0000000000000f82       0xbc /usr/lib/gcc/avr/5.4.0/../../../avr/lib/avr5/libc.a(ultoa_invert.o)
                0x0000000000000f82                __ultoa_invert
 .text.libgcc.mul
                0x000000000000103e        0x0 /usr/lib/gcc/avr/5.4.0/avr5/libgcc.a(_prologue.o)
 .text.libgcc.div
                0x000000000000103e        0x0 /usr/lib/gcc/avr/5.4.0/avr5/libgcc.a(_prologue.o)
 .text.libgcc   0x000000000000103e        0x0 /usr/lib/gcc/avr/5.4.0/avr5/libgcc.a(_prologue.o)
 .text.libgcc.prologue
                0x000000000000103e       0x38 /usr/lib/gcc/avr/5.4.0/avr5/libgcc.a(_prologue.o)
                0x000000000000103e                __prologue_saves__
 .text.libgcc.builtins
                0x0000000000001076        0x0 /usr/lib/gcc/avr/5.4.0/avr5/libgcc.a(_prologue.o)
 .text.libgcc.fmul
                0x0000000000001076        0x0 /usr/lib/gcc/avr/5.4.0/avr5/libgcc.a(_prologue.o)
 .text.libgcc.fixed
                0x0000000000001076        0x0 /usr/lib/gcc/avr/5.4.0/avr5/libgcc.a(_prologue.o)
 .text.libgcc.mul
                0x0000000000001076        0x0 /usr/lib/gcc/avr/5.4.0/avr5/libgcc.a(_epilogue.o)
 .text.libgcc.div
                0x0000000000001076        0x0 /usr/lib/gcc/avr/5.4.0/avr5/libgcc.a(_epilogue.o)
 .text.libgcc   0x0000000000001076        0x0 /usr/lib/gcc/avr/5.4.0/avr5/libgcc.a(_epilogue.o)
 .text.libgcc.prologue
                0x0000000000001076       0x36 /usr/lib/gcc/avr/5.4.0/avr5/libgcc.a(_epilogue.o)
                0x0000000000001076                __epilogue_restores__
 .text.libgcc.builtins
                0x00000000000010ac        0x0 /usr/lib/gcc/avr/5.4.0/avr5/libgcc.a(_epilogue.o)
 .text.libgcc.fmul
                0x00000000000010ac        0x0 /usr/lib/gcc/avr/5.4.0/avr5/libgcc.a(_epilogue.o)
 .text.libgcc.fixed
                0x00000000000010ac        0x0 /usr/lib/gcc/avr/5.4.0/avr5/libgcc.a(_epilogue.o)
                0x00000000000010ac                . = ALIGN (0x2)
 *(.fini9)
 .fini9         0x00000000000010ac        0x0 /usr/lib/gcc/avr/5.4.0/avr5/libgcc.a(_exit.o)
                0x00000000000010ac                exit
                0x00000000000010ac                _exit
 *(.fini9)
 *(.fini8)
 *(.fini8)
 *(.fini7)
 *(.fini7)
 *(.fini6)
 *(.fini6)
 *(.fini5)
 *(.fini5)
 *(.fini4)
 *(.fini4)
 *(.fini3)
 *(.fini3)
 *(.fini2)
 *(.fini2)
 *(.fini1)
 *(.fini1)
 *(.fini0)
 .fini0         0x00000000000010ac        0x4 /usr/lib/gcc/avr/5.4.0/avr5/libgcc.a(_exit.o)
 *(.fini0)
                0x00000000000010b0                _etext = .

.data           0x0000000000800100       0x20 load address 0x00000000000010b0
                0x0000000000800100                PROVIDE (__data_start, .)
 *(.data)
 .data          0x0000000000800100        0x0 /usr/lib/gcc/avr/5.4.0/../../../avr/lib/avr5/crtatmega324pa.o
 .data          0x0000000000800100        0x0 main.o
 .data          0x0000000000800100        0x0 ../../Lib//libstatique.a(lcm_so1602dtr_m_fw.o)
 .data          0x0000000000800100        0x0 ../../Lib//libstatique.a(customprocs.o)
 .data          0x0000000000800100        0x0 ../../Lib//libstatique.a(lcm_so1602dtr_m.o)
 .data          0x0000000000800100        0x0 ../../Lib//libstatique.a(uart.o)
 .data          0x0000000000800100        0x0 /usr/lib/gcc/avr/5.4.0/avr5/libgcc.a(_udivmodhi4.o)
 .data          0x0000000000800100        0x0 /usr/lib/gcc/avr/5.4.0/avr5/libgcc.a(_exit.o)
 .data          0x0000000000800100        0x0 /usr/lib/gcc/avr/5.4.0/avr5/libgcc.a(_copy_data.o)
 .data          0x0000000000800100        0x0 /usr/lib/gcc/avr/5.4.0/avr5/libgcc.a(_clear_bss.o)
 .data          0x0000000000800100        0x6 /usr/lib/gcc/avr/5.4.0/../../../avr/lib/avr5/libc.a(malloc.o)
                0x0000000000800100                __malloc_heap_end
                0x0000000000800102                __malloc_heap_start
                0x0000000000800104                __malloc_margin
 .data          0x0000000000800106        0x0 /usr/lib/gcc/avr/5.4.0/../../../avr/lib/avr5/libc.a(sprintf.o)
 .data          0x0000000000800106        0x0 /usr/lib/gcc/avr/5.4.0/../../../avr/lib/avr5/libc.a(vfprintf_std.o)
 .data          0x0000000000800106        0x0 /usr/lib/gcc/avr/5.4.0/../../../avr/lib/avr5/libc.a(strnlen_P.o)
 .data          0x0000000000800106        0x0 /usr/lib/gcc/avr/5.4.0/../../../avr/lib/avr5/libc.a(strnlen.o)
 .data          0x0000000000800106        0x0 /usr/lib/gcc/avr/5.4.0/../../../avr/lib/avr5/libc.a(fputc.o)
 .data          0x0000000000800106        0x0 /usr/lib/gcc/avr/5.4.0/../../../avr/lib/avr5/libc.a(ultoa_invert.o)
 .data          0x0000000000800106        0x0 /usr/lib/gcc/avr/5.4.0/avr5/libgcc.a(_prologue.o)
 .data          0x0000000000800106        0x0 /usr/lib/gcc/avr/5.4.0/avr5/libgcc.a(_epilogue.o)
 *(.data*)
 *(.rodata)
 *(.rodata*)
 .rodata.str1.1
                0x0000000000800106        0x9 ../../Lib//libstatique.a(lcm_so1602dtr_m_fw.o)
 .rodata.str1.1
                0x000000000080010f       0x11 ../../Lib//libstatique.a(customprocs.o)
 *(.gnu.linkonce.d*)
                0x0000000000800120                . = ALIGN (0x2)
                0x0000000000800120                _edata = .
                0x0000000000800120                PROVIDE (__data_end, .)

.bss            0x0000000000800120        0x5
                0x0000000000800120                PROVIDE (__bss_start, .)
 *(.bss)
 .bss           0x0000000000800120        0x0 /usr/lib/gcc/avr/5.4.0/../../../avr/lib/avr5/crtatmega324pa.o
 .bss           0x0000000000800120        0x1 main.o
                0x0000000000800120                a
 .bss           0x0000000000800121        0x0 ../../Lib//libstatique.a(lcm_so1602dtr_m_fw.o)
 .bss           0x0000000000800121        0x0 ../../Lib//libstatique.a(customprocs.o)
 .bss           0x0000000000800121        0x0 ../../Lib//libstatique.a(lcm_so1602dtr_m.o)
 .bss           0x0000000000800121        0x0 ../../Lib//libstatique.a(uart.o)
 .bss           0x0000000000800121        0x0 /usr/lib/gcc/avr/5.4.0/avr5/libgcc.a(_udivmodhi4.o)
 .bss           0x0000000000800121        0x0 /usr/lib/gcc/avr/5.4.0/avr5/libgcc.a(_exit.o)
 .bss           0x0000000000800121        0x0 /usr/lib/gcc/avr/5.4.0/avr5/libgcc.a(_copy_data.o)
 .bss           0x0000000000800121        0x0 /usr/lib/gcc/avr/5.4.0/avr5/libgcc.a(_clear_bss.o)
 .bss           0x0000000000800121        0x0 /usr/lib/gcc/avr/5.4.0/../../../avr/lib/avr5/libc.a(malloc.o)
 .bss           0x0000000000800121        0x0 /usr/lib/gcc/avr/5.4.0/../../../avr/lib/avr5/libc.a(sprintf.o)
 .bss           0x0000000000800121        0x0 /usr/lib/gcc/avr/5.4.0/../../../avr/lib/avr5/libc.a(vfprintf_std.o)
 .bss           0x0000000000800121        0x0 /usr/lib/gcc/avr/5.4.0/../../../avr/lib/avr5/libc.a(strnlen_P.o)
 .bss           0x0000000000800121        0x0 /usr/lib/gcc/avr/5.4.0/../../../avr/lib/avr5/libc.a(strnlen.o)
 .bss           0x0000000000800121        0x0 /usr/lib/gcc/avr/5.4.0/../../../avr/lib/avr5/libc.a(fputc.o)
 .bss           0x0000000000800121        0x0 /usr/lib/gcc/avr/5.4.0/../../../avr/lib/avr5/libc.a(ultoa_invert.o)
 .bss           0x0000000000800121        0x0 /usr/lib/gcc/avr/5.4.0/avr5/libgcc.a(_prologue.o)
 .bss           0x0000000000800121        0x0 /usr/lib/gcc/avr/5.4.0/avr5/libgcc.a(_epilogue.o)
 *(.bss*)
 *(COMMON)
 COMMON         0x0000000000800121        0x4 /usr/lib/gcc/avr/5.4.0/../../../avr/lib/avr5/libc.a(malloc.o)
                0x0000000000800121                __brkval
                0x0000000000800123                __flp
                0x0000000000800125                PROVIDE (__bss_end, .)
                0x00000000000010b0                __data_load_start = LOADADDR (.data)
                0x00000000000010d0                __data_load_end = (__data_load_start + SIZEOF (.data))

.noinit         0x0000000000800125        0x0
                [!provide]                        PROVIDE (__noinit_start, .)
 *(.noinit*)
                [!provide]                        PROVIDE (__noinit_end, .)
                0x0000000000800125                _end = .
                0x0000000000800125                PROVIDE (__heap_start, .)

.eeprom         0x0000000000810000        0x0
 *(.eeprom*)
                0x0000000000810000                __eeprom_end = .

.fuse
 *(.fuse)
 *(.lfuse)
 *(.hfuse)
 *(.efuse)

.lock
 *(.lock*)

.signature
 *(.signature*)

.user_signatures
 *(.user_signatures*)

.stab           0x0000000000000000     0x3174
 *(.stab)
 .stab          0x0000000000000000      0x984 main.o
 .stab          0x0000000000000984      0xf48 ../../Lib//libstatique.a(lcm_so1602dtr_m_fw.o)
                                        0xf54 (size before relaxing)
 .stab          0x00000000000018cc      0x6a8 ../../Lib//libstatique.a(customprocs.o)
                                        0x6b4 (size before relaxing)
 .stab          0x0000000000001f74      0xbac ../../Lib//libstatique.a(lcm_so1602dtr_m.o)
                                        0xbb8 (size before relaxing)
 .stab          0x0000000000002b20      0x654 ../../Lib//libstatique.a(uart.o)
                                        0x660 (size before relaxing)

.stabstr        0x0000000000000000     0x2d47
 *(.stabstr)
 .stabstr       0x0000000000000000     0x2d47 main.o

.stab.excl
 *(.stab.excl)

.stab.exclstr
 *(.stab.exclstr)

.stab.index
 *(.stab.index)

.stab.indexstr
 *(.stab.indexstr)

.comment        0x0000000000000000       0x11
 *(.comment)
 .comment       0x0000000000000000       0x11 main.o
                                         0x12 (size before relaxing)
 .comment       0x0000000000000011       0x12 ../../Lib//libstatique.a(lcm_so1602dtr_m_fw.o)
 .comment       0x0000000000000011       0x12 ../../Lib//libstatique.a(customprocs.o)
 .comment       0x0000000000000011       0x12 ../../Lib//libstatique.a(lcm_so1602dtr_m.o)
 .comment       0x0000000000000011       0x12 ../../Lib//libstatique.a(uart.o)
 .comment       0x0000000000000011       0x12 /usr/lib/gcc/avr/5.4.0/../../../avr/lib/avr5/libc.a(malloc.o)
 .comment       0x0000000000000011       0x12 /usr/lib/gcc/avr/5.4.0/../../../avr/lib/avr5/libc.a(sprintf.o)
 .comment       0x0000000000000011       0x12 /usr/lib/gcc/avr/5.4.0/../../../avr/lib/avr5/libc.a(vfprintf_std.o)
 .comment       0x0000000000000011       0x12 /usr/lib/gcc/avr/5.4.0/../../../avr/lib/avr5/libc.a(fputc.o)

.note.gnu.avr.deviceinfo
                0x0000000000000000       0x40
 .note.gnu.avr.deviceinfo
                0x0000000000000000       0x40 /usr/lib/gcc/avr/5.4.0/../../../avr/lib/avr5/crtatmega324pa.o

.note.gnu.build-id
 *(.note.gnu.build-id)

.debug
 *(.debug)

.line
 *(.line)

.debug_srcinfo
 *(.debug_srcinfo)

.debug_sfnames
 *(.debug_sfnames)

.debug_aranges
 *(.debug_aranges)

.debug_pubnames
 *(.debug_pubnames)

.debug_info     0x0000000000000000      0x6cc
 *(.debug_info .gnu.linkonce.wi.*)
 .debug_info    0x0000000000000000      0x6cc /usr/lib/gcc/avr/5.4.0/../../../avr/lib/avr5/crtatmega324pa.o

.debug_abbrev   0x0000000000000000      0x66e
 *(.debug_abbrev)
 .debug_abbrev  0x0000000000000000      0x66e /usr/lib/gcc/avr/5.4.0/../../../avr/lib/avr5/crtatmega324pa.o

.debug_line     0x0000000000000000       0x1a
 *(.debug_line .debug_line.* .debug_line_end)
 .debug_line    0x0000000000000000       0x1a /usr/lib/gcc/avr/5.4.0/../../../avr/lib/avr5/crtatmega324pa.o

.debug_frame
 *(.debug_frame)

.debug_str      0x0000000000000000      0x255
 *(.debug_str)
 .debug_str     0x0000000000000000      0x255 /usr/lib/gcc/avr/5.4.0/../../../avr/lib/avr5/crtatmega324pa.o

.debug_loc
 *(.debug_loc)

.debug_macinfo
 *(.debug_macinfo)

.debug_weaknames
 *(.debug_weaknames)

.debug_funcnames
 *(.debug_funcnames)

.debug_typenames
 *(.debug_typenames)

.debug_varnames
 *(.debug_varnames)

.debug_pubtypes
 *(.debug_pubtypes)

.debug_ranges
 *(.debug_ranges)

.debug_macro
 *(.debug_macro)
OUTPUT(tp8.elf elf32-avr)
LOAD linker stubs
